2026-02-19T04:29:06.954Z-GET /
2026-02-19T04:29:08.869Z-GET /favicon.ico
2026-02-19T04:29:16.196Z-GET /employee/add
2026-02-19T04:29:23.126Z-GET /employee/add
2026-02-19T04:29:49.575Z-POST /api/employee
2026-02-19T04:30:04.493Z-POST /api/employee
2026-02-19T04:30:18.175Z-GET /employee/add
2026-02-19T04:30:32.251Z-POST /api/employee
2026-02-19T04:31:32.062Z-POST /api/employee
2026-02-19T04:31:32.083Z-GET /
2026-02-19T04:31:38.886Z-GET /employee/edit/1
2026-02-19T04:31:43.745Z-PUT /api/employee/1?_method=PUT
2026-02-19T04:32:43.888Z-PUT /api/employee/1?_method=PUT
2026-02-19T04:32:43.912Z-GET /
2026-02-19T04:32:47.887Z-DELETE /api/employee/1?_method=DELETE
2026-02-19T04:32:47.914Z-GET /
2026-02-19T04:33:04.096Z-GET /employee/edit/2
2026-02-19T04:33:08.723Z-GET /
2026-02-19T04:34:57.330Z-GET /
2026-02-19T04:42:08.545Z-GET /
2026-02-19T04:42:23.721Z-GET /employee/add
2026-02-19T04:42:37.015Z-POST /api/employee
2026-02-19T04:42:37.032Z-GET /
2026-02-19T04:43:50.671Z-GET /
2026-02-20T02:57:46.736Z-GET /
2026-02-20T02:57:51.567Z-GET /favicon.ico
2026-02-20T03:06:17.318Z-GET /employee/add
2026-02-20T03:06:20.723Z-GET /employee/edit/1
2026-02-20T03:16:11.711Z-GET /employee/edit/1
2026-02-20T03:16:17.866Z-DELETE /api/employee/2?_method=DELETE
2026-02-20T03:16:17.887Z-GET /
2026-02-20T03:40:06.885Z-GET /api/user/2
2026-02-20T03:41:15.365Z-GET /employee/2
2026-02-20T03:41:56.053Z-GET /
2026-02-20T03:42:19.355Z-GET /employee/profile/2
2026-02-20T03:42:27.993Z-GET /employee/profile/
2026-02-20T03:42:33.351Z-GET /employee/
2026-02-20T03:42:50.181Z-GET /
2026-02-20T03:43:04.108Z-GET /employee/profile/1
2026-02-20T03:43:31.738Z-GET /api/employee/profile/1
2026-02-20T03:43:36.637Z-GET /
2026-02-20T03:45:04.513Z-GET /api/employee/profile/2
2026-02-20T03:55:33.712Z-GET /
2026-02-20T03:55:59.253Z-GET /employee/add
2026-02-20T03:56:17.450Z-POST /api/employee
2026-02-20T03:56:17.462Z-GET /
2026-02-20T03:56:32.967Z-GET /employee/edit/4
2026-02-20T03:56:37.393Z-PUT /api/employee/4?_method=PUT
2026-02-20T03:56:37.408Z-GET /
2026-02-20T03:56:40.698Z-DELETE /api/employee/4?_method=DELETE
2026-02-20T03:56:40.710Z-GET /
2026-02-20T15:38:49.735Z-GET /
2026-02-20T15:38:50.753Z-GET /favicon.ico
2026-02-20T15:39:07.450Z-GET /employee/add
2026-02-20T15:39:46.218Z-POST /api/employee
2026-02-20T15:39:46.226Z-GET /
2026-02-20T15:40:05.598Z-GET /employee/edit/1
2026-02-20T15:40:10.783Z-GET /
2026-02-20T15:40:13.953Z-DELETE /api/employee/1771601986218?_method=DELETE
2026-02-20T15:40:13.961Z-GET /
